// Jest Snapshot v1, https://goo.gl/fbAQLP

exports[`DoctorList renders correctly 1`] = `
Object {
  "asFragment": [Function],
  "baseElement": <body>
    <div>
      <section
        class="doctor-list"
      >
        <div
          class="MuiPaper-root MuiPaper-elevation MuiPaper-rounded MuiPaper-elevation1 MuiCard-root css-1jsimh2-MuiPaper-root-MuiCard-root"
        >
          <img
            alt="{name}"
            class="MuiCardMedia-root MuiCardMedia-media MuiCardMedia-img css-1b91k4x-MuiCardMedia-root"
            src="doctor1.jpg"
          />
          <div
            class="MuiCardContent-root css-1clb5e3-MuiCardContent-root"
          >
            <div
              class="MuiTypography-root MuiTypography-h5 MuiTypography-gutterBottom css-91tymw-MuiTypography-root"
            />
            <div
              style="color: rgb(0, 0, 0); font-size: 18px; text-align: center; margin-top: 10px; margin-bottom: 10px; margin-left: -15px;"
            >
              .......................
            </div>
            <p
              class="MuiTypography-root MuiTypography-body2 css-13ugtxo-MuiTypography-root"
            />
            <p
              class="MuiTypography-root MuiTypography-body2 css-13ugtxo-MuiTypography-root"
            />
          </div>
          <div
            class="MuiCardActions-root MuiCardActions-spacing css-1t6e9jv-MuiCardActions-root"
          >
            <a
              class="MuiTypography-root MuiTypography-inherit MuiLink-root MuiLink-underlineNone css-mttkz0-MuiTypography-root-MuiLink-root"
              href="#dctors"
            >
              View Doctor
            </a>
          </div>
        </div>
      </section>
    </div>
  </body>,
  "container": <div>
    <section
      class="doctor-list"
    >
      <div
        class="MuiPaper-root MuiPaper-elevation MuiPaper-rounded MuiPaper-elevation1 MuiCard-root css-1jsimh2-MuiPaper-root-MuiCard-root"
      >
        <img
          alt="{name}"
          class="MuiCardMedia-root MuiCardMedia-media MuiCardMedia-img css-1b91k4x-MuiCardMedia-root"
          src="doctor1.jpg"
        />
        <div
          class="MuiCardContent-root css-1clb5e3-MuiCardContent-root"
        >
          <div
            class="MuiTypography-root MuiTypography-h5 MuiTypography-gutterBottom css-91tymw-MuiTypography-root"
          />
          <div
            style="color: rgb(0, 0, 0); font-size: 18px; text-align: center; margin-top: 10px; margin-bottom: 10px; margin-left: -15px;"
          >
            .......................
          </div>
          <p
            class="MuiTypography-root MuiTypography-body2 css-13ugtxo-MuiTypography-root"
          />
          <p
            class="MuiTypography-root MuiTypography-body2 css-13ugtxo-MuiTypography-root"
          />
        </div>
        <div
          class="MuiCardActions-root MuiCardActions-spacing css-1t6e9jv-MuiCardActions-root"
        >
          <a
            class="MuiTypography-root MuiTypography-inherit MuiLink-root MuiLink-underlineNone css-mttkz0-MuiTypography-root-MuiLink-root"
            href="#dctors"
          >
            View Doctor
          </a>
        </div>
      </div>
    </section>
  </div>,
  "debug": [Function],
  "findAllByAltText": [Function],
  "findAllByDisplayValue": [Function],
  "findAllByLabelText": [Function],
  "findAllByPlaceholderText": [Function],
  "findAllByRole": [Function],
  "findAllByTestId": [Function],
  "findAllByText": [Function],
  "findAllByTitle": [Function],
  "findByAltText": [Function],
  "findByDisplayValue": [Function],
  "findByLabelText": [Function],
  "findByPlaceholderText": [Function],
  "findByRole": [Function],
  "findByTestId": [Function],
  "findByText": [Function],
  "findByTitle": [Function],
  "getAllByAltText": [Function],
  "getAllByDisplayValue": [Function],
  "getAllByLabelText": [Function],
  "getAllByPlaceholderText": [Function],
  "getAllByRole": [Function],
  "getAllByTestId": [Function],
  "getAllByText": [Function],
  "getAllByTitle": [Function],
  "getByAltText": [Function],
  "getByDisplayValue": [Function],
  "getByLabelText": [Function],
  "getByPlaceholderText": [Function],
  "getByRole": [Function],
  "getByTestId": [Function],
  "getByText": [Function],
  "getByTitle": [Function],
  "queryAllByAltText": [Function],
  "queryAllByDisplayValue": [Function],
  "queryAllByLabelText": [Function],
  "queryAllByPlaceholderText": [Function],
  "queryAllByRole": [Function],
  "queryAllByTestId": [Function],
  "queryAllByText": [Function],
  "queryAllByTitle": [Function],
  "queryByAltText": [Function],
  "queryByDisplayValue": [Function],
  "queryByLabelText": [Function],
  "queryByPlaceholderText": [Function],
  "queryByRole": [Function],
  "queryByTestId": [Function],
  "queryByText": [Function],
  "queryByTitle": [Function],
  "rerender": [Function],
  "unmount": [Function],
}
`;
