// Jest Snapshot v1, https://goo.gl/fbAQLP

exports[`Signin renders correctly 1`] = `
Object {
  "asFragment": [Function],
  "baseElement": <body>
    <div>
      <main
        class="main-home"
      >
        <section
          class="home"
        >
          <div
            class="home-top-content"
          >
            <h1>
              Hello Welcome to your Dashboard
            </h1>
            <p>
              List of Doctors!
            </p>
          </div>
          <div
            class="sc-jSUZER dQEjUh rec rec-carousel-wrapper "
            style="width: 100%;"
          >
            <div
              class="sc-eDvSVe lguFiu rec rec-carousel"
              style="height: 0px;"
            >
              <button
                class="sc-bcXHqe Slxdj rec rec-arrow rec rec-arrow-left"
                disabled=""
                tabindex="0"
                type="button"
              >
                ❮
              </button>
              <div
                class="sc-dkrFOg biYdFZ rec rec-slider-container"
              >
                <div
                  class="sc-hLBbgP ikrMvi rec rec-slider"
                  style="transition: all 500ms ease; left: 0px;"
                >
                  <div
                    class="rec rec-swipable"
                    style="display: flex; flex-direction: row;"
                  />
                </div>
              </div>
              <button
                class="sc-bcXHqe Slxdj rec rec-arrow rec rec-arrow-right"
                disabled=""
                tabindex="0"
                type="button"
              >
                ❯
              </button>
            </div>
            <div
              class="sc-iBYQkv jtKTCe rec rec-pagination"
            >
              <button
                class="sc-gKPRtg cVXxbE rec rec-dot rec rec-dot_active"
                tabindex="-1"
                type="button"
              />
            </div>
          </div>
        </section>
      </main>
    </div>
  </body>,
  "container": <div>
    <main
      class="main-home"
    >
      <section
        class="home"
      >
        <div
          class="home-top-content"
        >
          <h1>
            Hello Welcome to your Dashboard
          </h1>
          <p>
            List of Doctors!
          </p>
        </div>
        <div
          class="sc-jSUZER dQEjUh rec rec-carousel-wrapper "
          style="width: 100%;"
        >
          <div
            class="sc-eDvSVe lguFiu rec rec-carousel"
            style="height: 0px;"
          >
            <button
              class="sc-bcXHqe Slxdj rec rec-arrow rec rec-arrow-left"
              disabled=""
              tabindex="0"
              type="button"
            >
              ❮
            </button>
            <div
              class="sc-dkrFOg biYdFZ rec rec-slider-container"
            >
              <div
                class="sc-hLBbgP ikrMvi rec rec-slider"
                style="transition: all 500ms ease; left: 0px;"
              >
                <div
                  class="rec rec-swipable"
                  style="display: flex; flex-direction: row;"
                />
              </div>
            </div>
            <button
              class="sc-bcXHqe Slxdj rec rec-arrow rec rec-arrow-right"
              disabled=""
              tabindex="0"
              type="button"
            >
              ❯
            </button>
          </div>
          <div
            class="sc-iBYQkv jtKTCe rec rec-pagination"
          >
            <button
              class="sc-gKPRtg cVXxbE rec rec-dot rec rec-dot_active"
              tabindex="-1"
              type="button"
            />
          </div>
        </div>
      </section>
    </main>
  </div>,
  "debug": [Function],
  "findAllByAltText": [Function],
  "findAllByDisplayValue": [Function],
  "findAllByLabelText": [Function],
  "findAllByPlaceholderText": [Function],
  "findAllByRole": [Function],
  "findAllByTestId": [Function],
  "findAllByText": [Function],
  "findAllByTitle": [Function],
  "findByAltText": [Function],
  "findByDisplayValue": [Function],
  "findByLabelText": [Function],
  "findByPlaceholderText": [Function],
  "findByRole": [Function],
  "findByTestId": [Function],
  "findByText": [Function],
  "findByTitle": [Function],
  "getAllByAltText": [Function],
  "getAllByDisplayValue": [Function],
  "getAllByLabelText": [Function],
  "getAllByPlaceholderText": [Function],
  "getAllByRole": [Function],
  "getAllByTestId": [Function],
  "getAllByText": [Function],
  "getAllByTitle": [Function],
  "getByAltText": [Function],
  "getByDisplayValue": [Function],
  "getByLabelText": [Function],
  "getByPlaceholderText": [Function],
  "getByRole": [Function],
  "getByTestId": [Function],
  "getByText": [Function],
  "getByTitle": [Function],
  "queryAllByAltText": [Function],
  "queryAllByDisplayValue": [Function],
  "queryAllByLabelText": [Function],
  "queryAllByPlaceholderText": [Function],
  "queryAllByRole": [Function],
  "queryAllByTestId": [Function],
  "queryAllByText": [Function],
  "queryAllByTitle": [Function],
  "queryByAltText": [Function],
  "queryByDisplayValue": [Function],
  "queryByLabelText": [Function],
  "queryByPlaceholderText": [Function],
  "queryByRole": [Function],
  "queryByTestId": [Function],
  "queryByText": [Function],
  "queryByTitle": [Function],
  "rerender": [Function],
  "unmount": [Function],
}
`;
