// Jest Snapshot v1, https://goo.gl/fbAQLP

exports[`Signin renders correctly 1`] = `
Object {
  "asFragment": [Function],
  "baseElement": <body>
    <div>
      <div
        class="container-reg"
      >
        <h2
          class="register-title"
        >
          Log in
        </h2>
        <form
          class="reg-form"
        >
          <div
            class="form-inputs"
          >
            <input
              class="form-control"
              id="floatingUsername"
              placeholder="Username"
              required=""
              type="text"
              value=""
            />
          </div>
          <button
            class="btn-reg"
            type="submit"
          >
            Log in
          </button>
        </form>
        <p>
          Dont have an account?
          <a
            class=""
            href="/register"
          >
            <span>
              Sign up
            </span>
          </a>
        </p>
      </div>
    </div>
  </body>,
  "container": <div>
    <div
      class="container-reg"
    >
      <h2
        class="register-title"
      >
        Log in
      </h2>
      <form
        class="reg-form"
      >
        <div
          class="form-inputs"
        >
          <input
            class="form-control"
            id="floatingUsername"
            placeholder="Username"
            required=""
            type="text"
            value=""
          />
        </div>
        <button
          class="btn-reg"
          type="submit"
        >
          Log in
        </button>
      </form>
      <p>
        Dont have an account?
        <a
          class=""
          href="/register"
        >
          <span>
            Sign up
          </span>
        </a>
      </p>
    </div>
  </div>,
  "debug": [Function],
  "findAllByAltText": [Function],
  "findAllByDisplayValue": [Function],
  "findAllByLabelText": [Function],
  "findAllByPlaceholderText": [Function],
  "findAllByRole": [Function],
  "findAllByTestId": [Function],
  "findAllByText": [Function],
  "findAllByTitle": [Function],
  "findByAltText": [Function],
  "findByDisplayValue": [Function],
  "findByLabelText": [Function],
  "findByPlaceholderText": [Function],
  "findByRole": [Function],
  "findByTestId": [Function],
  "findByText": [Function],
  "findByTitle": [Function],
  "getAllByAltText": [Function],
  "getAllByDisplayValue": [Function],
  "getAllByLabelText": [Function],
  "getAllByPlaceholderText": [Function],
  "getAllByRole": [Function],
  "getAllByTestId": [Function],
  "getAllByText": [Function],
  "getAllByTitle": [Function],
  "getByAltText": [Function],
  "getByDisplayValue": [Function],
  "getByLabelText": [Function],
  "getByPlaceholderText": [Function],
  "getByRole": [Function],
  "getByTestId": [Function],
  "getByText": [Function],
  "getByTitle": [Function],
  "queryAllByAltText": [Function],
  "queryAllByDisplayValue": [Function],
  "queryAllByLabelText": [Function],
  "queryAllByPlaceholderText": [Function],
  "queryAllByRole": [Function],
  "queryAllByTestId": [Function],
  "queryAllByText": [Function],
  "queryAllByTitle": [Function],
  "queryByAltText": [Function],
  "queryByDisplayValue": [Function],
  "queryByLabelText": [Function],
  "queryByPlaceholderText": [Function],
  "queryByRole": [Function],
  "queryByTestId": [Function],
  "queryByText": [Function],
  "queryByTitle": [Function],
  "rerender": [Function],
  "unmount": [Function],
}
`;
